src/app/actions/coins.ts(7,26): error TS2304: Cannot find name 'createClient'.
src/app/actions/coins.ts(23,26): error TS2304: Cannot find name 'createClient'.
src/app/actions/coins.ts(27,17): error TS2304: Cannot find name 'createAdminClient'.
src/app/actions/oracleSync.ts(80,26): error TS2304: Cannot find name 'createClient'.
src/app/actions/oracleSync.ts(158,26): error TS2304: Cannot find name 'createClient'.
src/app/actions/oracleSync.ts(316,26): error TS2304: Cannot find name 'createClient'.
src/app/actions/oracleSync.ts(331,26): error TS2304: Cannot find name 'createClient'.
src/app/actions/oracleSync.ts(350,26): error TS2304: Cannot find name 'createClient'.
src/app/actions/oracleSync.ts(356,26): error TS2304: Cannot find name 'createClient'.
src/app/actions/oracleSync.ts(362,26): error TS2304: Cannot find name 'createClient'.
src/app/admin/page.tsx(64,27): error TS2322: Type 'QueryResultRow[]' is not assignable to type '{ accepts_offers: boolean | null; auction_status: string | null; auction_reserve_price: number | null; auction_end_time: string | null; auction_description: string | null; avg_price: number | null; ... 29 more ...; video_url: string | null; }[]'.
  Type 'QueryResultRow' is missing the following properties from type '{ accepts_offers: boolean | null; auction_status: string | null; auction_reserve_price: number | null; auction_end_time: string | null; auction_description: string | null; avg_price: number | null; ... 29 more ...; video_url: string | null; }': accepts_offers, auction_status, auction_reserve_price, auction_end_time, and 32 more.
src/components/admin/TradeLeadsCRM.tsx(27,18): error TS2345: Argument of type 'QueryResultRow[]' is not assignable to parameter of type 'SetStateAction<TradeOffer[]>'.
  Type 'QueryResultRow[]' is not assignable to type 'TradeOffer[]'.
    Type 'QueryResultRow' is missing the following properties from type 'TradeOffer': id, buyer_name, buyer_email, offer_text, and 4 more.
src/components/ProductCard.tsx(127,24): error TS2322: Type '{ data: any; marketUrl: any; }' is not assignable to type 'IntrinsicAttributes & MarketSparklineProps'.
  Property 'marketUrl' does not exist on type 'IntrinsicAttributes & MarketSparklineProps'.
src/components/ProductCard.tsx(146,24): error TS2322: Type '{ data: any; marketUrl: any; }' is not assignable to type 'IntrinsicAttributes & MarketSparklineProps'.
  Property 'marketUrl' does not exist on type 'IntrinsicAttributes & MarketSparklineProps'.
